// Jest Snapshot v1, https://goo.gl/fbAQLP

exports[`Pokemon Home Page should match snapshot 1`] = `
<div>
  <div
    data-testid="pokemon-search"
  >
    PokemonSearch Component
  </div>
  <div
    data-testid="pokemon-gallery"
  >
    PokemonGallery Component
  </div>
</div>
`;
